// Jest Snapshot v1, https://goo.gl/fbAQLP

exports[`Home.vue test mounted 1`] = `
<contentpage-stub>
  <div class="content">
    <historytable-stub></historytable-stub>
  </div>
</contentpage-stub>
`;
