// Jest Snapshot v1, https://goo.gl/fbAQLP

exports[`DialogRoom.vue render 1`] = `
<v-dialog-stub opendelay="0" closedelay="0" contentclass="dialog-room" maxwidth="800" origin="center center" persistent="true" retainfocus="true" transition="dialog-transition" width="auto">
  <settingsmap-stub single-player="true" current-component="settingsMap" room-name=""></settingsmap-stub>
</v-dialog-stub>
`;
