// Jest Snapshot v1, https://goo.gl/fbAQLP

exports[`SearchBox.vue test search Input 1`] = `
<div class="search-box">
  <h2>0 visited place</h2>
  <div class="search-box__search-bar">
    <v-combobox-stub dark="true" errorcount="1" errormessages="" messages="" rules="" successmessages="" value="" appendicon="mdi-magnify" backgroundcolor="secondary" height="50" id="search-input" loaderheight="2" autofocus="true" clearicon="$clear" fullwidth="true" placeholder="Enter city, state or country" rounded="true" type="text" valuecomparator="function deepEqual(a, b) {
  if (a === b) return true;

  if (a instanceof Date &amp;&amp; b instanceof Date &amp;&amp; a.getTime() !== b.getTime()) {
    // If the values are Date, compare them as timestamps
    return false;
  }

  if (a !== Object(a) || b !== Object(b)) {
    // If the values aren't objects, they were already checked for equality
    return false;
  }

  var props = Object.keys(a);

  if (props.length !== Object.keys(b).length) {
    // Different number of props, don't bother to check
    return false;
  }

  return props.every(function (p) {
    return deepEqual(a[p], b[p]);
  });
}" nodatatext="$vuetify.noDataText" items="" itemcolor="primary" itemdisabled="disabled" itemtext="text" itemvalue="value" menuprops="[object Object]" returnobject="true" allowoverflow="true" filter="function _default(item, queryText, itemText) {
        return itemText.toLocaleLowerCase().indexOf(queryText.toLocaleLowerCase()) > -1;
      }" searchinput="" delimiters=""></v-combobox-stub>
    <v-btn-stub color="primary" height="50" tag="button" activeclass="" icon="true" type="button" class="btn-customs">
      <v-icon-stub>mdi-map-plus</v-icon-stub>
    </v-btn-stub>
  </div>
  <dialogcustommap-stub></dialogcustommap-stub>
  <div class="search-box__btns">
    <v-btn-stub color="primary" rounded="true" tag="button" activeclass="" large="true" type="button" class="search-box__btns__btn">
      Single Player
    </v-btn-stub>
    <v-btn-stub color="secondary" rounded="true" tag="button" activeclass="" large="true" type="button" class="search-box__btns__btn">
      With Friends
    </v-btn-stub>
    <dialogroom-stub></dialogroom-stub>
  </div>
</div>
`;
